--- バックエンドAPIテスト開始 ---

1. 学生登録 (Register Student)...
Status: 400
Response: {'error': 'Student ID already registered'}
OK

2. 学生ログイン (Login Student)...
Status: 200
Token取得: OK

3. ユーザー情報取得 (Get Me)...
Status: 401
Response: {'message': 'Token is invalid or expired!'}

4. 出席記録送信 (Record Attendance)...
Status: 201
Response: {'id': 2, 'message': 'Attendance recorded'}

5. 出席履歴確認 (Get My Attendance)...
Status: 401
Response: {'message': 'Token is invalid or expired!'}
データ確認: OK

--- テスト完了 ---
